WARNING:tensorflow:AutoGraph could not transform <function _gcd_import at 0x103f77d80> and will run it as-is.
Cause: Unable to locate the source code of <function _gcd_import at 0x103f77d80>. Note that functions defined in certain environments, like the interactive Python shell, do not expose their source code. If that is the case, you should define them in a .py source file. If you are certain the code is graph-compatible, wrap the call using @tf.autograph.experimental.do_not_convert. Original error: could not get source code
To silence this warning, decorate the function with @tf.autograph.experimental.do_not_convert
{"case": "nominal", "routing": "pooled", "parameters": 17329, "token_max_abs": 0.0, "initial_output_loss_gradient_max_abs": 0.0, "updated_weights_max_abs": 0.0, "updated_prediction_max_abs": 0.0, "graph_max_abs": 1.1920928955078125e-07, "reload_max_abs": 0.0, "optimizer_updates": 2, "device": "/job:localhost/replica:0/task:0/device:CPU:0"}
{"case": "nominal", "routing": "direct", "parameters": 17329, "token_max_abs": 0.0, "initial_output_loss_gradient_max_abs": 0.0, "updated_weights_max_abs": 0.0, "updated_prediction_max_abs": 0.0, "graph_max_abs": 2.384185791015625e-07, "reload_max_abs": 0.0, "optimizer_updates": 2, "device": "/job:localhost/replica:0/task:0/device:CPU:0"}
WARNING:tensorflow:5 out of the last 5 calls to <function exercise.<locals>.differentiate at 0x1357ddda0> triggered tf.function retracing. Tracing is expensive and the excessive number of tracings could be due to (1) creating @tf.function repeatedly in a loop, (2) passing tensors with different shapes, (3) passing Python objects instead of tensors. For (1), please define your @tf.function outside of the loop. For (2), @tf.function has reduce_retracing=True option that can avoid unnecessary retracing. For (3), please refer to https://www.tensorflow.org/guide/function#controlling_retracing and https://www.tensorflow.org/api_docs/python/tf/function for  more details.
WARNING:tensorflow:5 out of the last 5 calls to <function exercise.<locals>.update at 0x134d59bc0> triggered tf.function retracing. Tracing is expensive and the excessive number of tracings could be due to (1) creating @tf.function repeatedly in a loop, (2) passing tensors with different shapes, (3) passing Python objects instead of tensors. For (1), please define your @tf.function outside of the loop. For (2), @tf.function has reduce_retracing=True option that can avoid unnecessary retracing. For (3), please refer to https://www.tensorflow.org/guide/function#controlling_retracing and https://www.tensorflow.org/api_docs/python/tf/function for  more details.
WARNING:tensorflow:6 out of the last 6 calls to <function exercise.<locals>.differentiate at 0x130a62480> triggered tf.function retracing. Tracing is expensive and the excessive number of tracings could be due to (1) creating @tf.function repeatedly in a loop, (2) passing tensors with different shapes, (3) passing Python objects instead of tensors. For (1), please define your @tf.function outside of the loop. For (2), @tf.function has reduce_retracing=True option that can avoid unnecessary retracing. For (3), please refer to https://www.tensorflow.org/guide/function#controlling_retracing and https://www.tensorflow.org/api_docs/python/tf/function for  more details.
WARNING:tensorflow:6 out of the last 6 calls to <function exercise.<locals>.update at 0x130a63e20> triggered tf.function retracing. Tracing is expensive and the excessive number of tracings could be due to (1) creating @tf.function repeatedly in a loop, (2) passing tensors with different shapes, (3) passing Python objects instead of tensors. For (1), please define your @tf.function outside of the loop. For (2), @tf.function has reduce_retracing=True option that can avoid unnecessary retracing. For (3), please refer to https://www.tensorflow.org/guide/function#controlling_retracing and https://www.tensorflow.org/api_docs/python/tf/function for  more details.
{"case": "variable", "routing": "pooled", "parameters": 17329, "token_max_abs": 0.0, "initial_output_loss_gradient_max_abs": 0.0, "updated_weights_max_abs": 0.0, "updated_prediction_max_abs": 0.0, "graph_max_abs": 1.1920928955078125e-07, "reload_max_abs": 0.0, "optimizer_updates": 2, "device": "/job:localhost/replica:0/task:0/device:CPU:0"}
{"case": "variable", "routing": "direct", "parameters": 17329, "token_max_abs": 0.0, "initial_output_loss_gradient_max_abs": 0.0, "updated_weights_max_abs": 0.0, "updated_prediction_max_abs": 0.0, "graph_max_abs": 2.384185791015625e-07, "reload_max_abs": 0.0, "optimizer_updates": 2, "device": "/job:localhost/replica:0/task:0/device:CPU:0"}
{"case": "masked", "routing": "pooled", "parameters": 17329, "token_max_abs": 0.0, "initial_output_loss_gradient_max_abs": 0.0, "updated_weights_max_abs": 0.0, "updated_prediction_max_abs": 0.0, "graph_max_abs": 2.384185791015625e-07, "reload_max_abs": 0.0, "optimizer_updates": 2, "device": "/job:localhost/replica:0/task:0/device:CPU:0"}
{"case": "masked", "routing": "direct", "parameters": 17329, "token_max_abs": 0.0, "initial_output_loss_gradient_max_abs": 0.0, "updated_weights_max_abs": 0.0, "updated_prediction_max_abs": 0.0, "graph_max_abs": 5.960464477539063e-08, "reload_max_abs": 0.0, "optimizer_updates": 2, "device": "/job:localhost/replica:0/task:0/device:CPU:0"}
{"case": "empty", "routing": "pooled", "parameters": 17329, "token_max_abs": 0.0, "initial_output_loss_gradient_max_abs": 0.0, "updated_weights_max_abs": 0.0, "updated_prediction_max_abs": 0.0, "graph_max_abs": 2.980232238769531e-07, "reload_max_abs": 0.0, "optimizer_updates": 2, "device": "/job:localhost/replica:0/task:0/device:CPU:0"}
{"case": "empty", "routing": "direct", "parameters": 17329, "token_max_abs": 0.0, "initial_output_loss_gradient_max_abs": 0.0, "updated_weights_max_abs": 0.0, "updated_prediction_max_abs": 0.0, "graph_max_abs": 1.1920928955078125e-07, "reload_max_abs": 0.0, "optimizer_updates": 2, "device": "/job:localhost/replica:0/task:0/device:CPU:0"}
[oi136] inventory: checked=2898 repo_origin_count=6 outside_expect_root=0 verdict=REPOSITORY-ORIGINS-INSPECTED -> /tmp/pet-seed-sequence-20260915-guard.json
[oi136-inv] LOADED-CHECKOUT INVENTORY -- a RECEIPT, not a gate. It reports and never refuses; the run's verdict is decided above this line.
[oi136-inv] modules loaded from inside a checkout: 8   distinct checkout roots: 1
[oi136-inv] MNV_REPO resolution=ABSENT  value=None
[oi136-inv]   every reader DERIVES its own root from its own __file__, so there is no single value to report and the inventory above is the only evidence of where modules came from
[oi136-inv]   [expect-root,this-guard] /Users/josephbailey/local-research/MINERvA-OmniFold-pet-direct-comparison  (8) _mnv_guarded_run_propagated_67138, atomic_write, calibration_measure, run_typed_token_comparison, sitecustomize, typed_descriptor_keras, typed_descriptors, typed_token_comparison
[oi136-inv] SCOPE -- THIS INTERPRETER ONLY. Covered Python children write separate records with their own pid and depth; they never appear in this process's module list. Anything imported after this emission is not counted. Read it as 'AT LEAST these trees', never as 'only these trees'.
[oi136] inventory: checked=2899 repo_origin_count=7 outside_expect_root=0 verdict=REPOSITORY-ORIGINS-INSPECTED -> /tmp/pet-seed-sequence-20260915-guard.json
[oi136-inv] LOADED-CHECKOUT INVENTORY -- a RECEIPT, not a gate. It reports and never refuses; the run's verdict is decided above this line.
[oi136-inv] modules loaded from inside a checkout: 10   distinct checkout roots: 1
[oi136-inv] MNV_REPO resolution=ABSENT  value=None
[oi136-inv]   every reader DERIVES its own root from its own __file__, so there is no single value to report and the inventory above is the only evidence of where modules came from
[oi136-inv]   [expect-root,this-guard] /Users/josephbailey/local-research/MINERvA-OmniFold-pet-direct-comparison  (10) __main__, __mp_main__, atomic_write, calibration_measure, compatibility_preflight, packing_cpu_reference, run_typed_token_comparison, typed_descriptor_keras, typed_descriptors, typed_token_comparison
[oi136-inv] SCOPE -- THIS INTERPRETER ONLY. Covered Python children write separate records with their own pid and depth; they never appear in this process's module list. Anything imported after this emission is not counted. Read it as 'AT LEAST these trees', never as 'only these trees'.
Traceback (most recent call last):
  File "/Users/josephbailey/local-research/MINERvA-OmniFold-pet-direct-comparison/nd-unfolding/mnv_guarded_run.py", line 5831, in <module>
    sys.exit(main())
             ^^^^^^
  File "/Users/josephbailey/local-research/MINERvA-OmniFold-pet-direct-comparison/nd-unfolding/mnv_guarded_run.py", line 5803, in main
    runpy.run_path(str(script), run_name="__main__")
  File "<frozen runpy>", line 291, in run_path
  File "<frozen runpy>", line 98, in _run_module_code
  File "<frozen runpy>", line 88, in _run_code
  File "nd-unfolding/pet/direct_token_comparison/check_preflight_seed_sequence.py", line 48, in <module>
    main()
  File "nd-unfolding/pet/direct_token_comparison/check_preflight_seed_sequence.py", line 44, in main
    preflight.main()
  File "/Users/josephbailey/local-research/MINERvA-OmniFold-pet-direct-comparison/nd-unfolding/pet/direct_token_comparison/compatibility_preflight.py", line 519, in main
    verify_receipt(args.output, require_gpu=args.device == "gpu")
  File "/Users/josephbailey/local-research/MINERvA-OmniFold-pet-direct-comparison/nd-unfolding/pet/direct_token_comparison/compatibility_preflight.py", line 323, in verify_receipt
    raise ValueError("Incomplete artifact inventory")
ValueError: Incomplete artifact inventory
