members 50  cells 285

--- per-cell n_replicas_reported over the 50 published members ---
  n_reported ==  0 :  23 cells
  n_reported == 24 :   1 cells
  n_reported == 44 :   1 cells
  n_reported == 47 :   1 cells
  n_reported == 49 :   2 cells
  n_reported == 50 : 257 cells

*** cells reported in SOME but not ALL members: 5 ***
    reported in ALL 50   : 257
    reported in NONE      : 23
    => mask flicker OCCURS

--- telemetry n_cells_populated per member (should equal reported count) ---
  distinct values: [260, 261, 262]
  matches per-member nonzero count: True

--- union vs intersection, the two candidate domains ---
  UNION        (reported in >=1) : 262 cells
  INTERSECTION (reported in all) : 257 cells
  cells the intersection would discard: 5
  rank ceiling at N=50 is 49, so against EITHER domain:
    union        D=262  D/49 = 5.35x  singular=True
    intersection D=257  D/49 = 5.24x  singular=True

--- the reported-cell count D was asked to measure, incl. the nominal ---
  nominal (NONQUOTABLE-DIAGNOSTIC) reported cells : 262
  nominal telemetry n_cells_populated             : 262
  nominal n_cells_masked_zero_acceptance          : 4
  nominal n_cells_no_denominator                  : 23
  nominal reported set == every replica's?        : False
