xsec artifacts present: 50 of 50
markers (.done) present: 50

edges identical across all 50: True
stack shape = (50, 15, 19)  (members, n_pt, n_pparallel)

*** DIMENSION D = 15 x 19 = 285 bins ***
*** MEMBERS N = 50 (declared) -> covariance rank <= N-1 = 49 ***
*** D (285) > N-1 (49): SINGULAR by a factor of 5.8 ***

replica_index present: [0, 1, 2, 3, 4, 5, 6, 7, 8, 9, 10, 11, 12, 13, 14, 15, 16, 17, 18, 19, 20, 21, 22, 23, 24, 25, 26, 27, 28, 29, 30, 31, 32, 33, 34, 35, 36, 37, 38, 39, 40, 41, 42, 43, 44, 45, 46, 47, 48, 49]
seed == 50000+index for all: True
replica indices distinct: 50 of 50

--- flattening check (telemetry says pt-major row-major) ---
C-order reshape reproduces cell = i_pt*n_pp + i_pp: True

--- zero-variance directions ---
bins exactly zero in EVERY member : 23
bins nonzero in at least one      : 262
bins with zero sample sd          : 23
bins with sd > 0                  : 262   <-- effective varying directions
still >> 49: True

--- scale of the object ---
total_sigma across members: min 1.644919e-37 max 2.248828e-37 spread 33.016%
distinct totals: 50 of 50  <-- draw live in the extracted xsec
per-bin relative sd (varying bins): median 0.1921 max 1.0669

--- what an N=50 covariance looks like RIGHT NOW (illustrative only) ---
C shape (285, 285), numpy matrix_rank = 49 (expected <= 49)

--- cell counts from telemetry ---
  n_cells = 285
  n_cells_populated = 262
  n_cells_masked_zero_acceptance = 4
  n_cells_no_denominator = 23
  shape = [15, 19]
  bin_order = pt-major row-major: cell = i_pt * n_pparallel_bins + i_pparallel
  truth_denominator_coverage = {'n_pass_truth': 49150928, 'sum_w_pass_truth': 40365648.74570045, 'coverage_basis': 'declared fiducial domain 
  data_pot = 1.057394261158926e+21
  n_nucleons = 3.2352943296224835e+30

--- does a NOMINAL extraction exist for the centring choice? ---
