=== (1) total_sigma per member, sorted by replica_index ===
  replica_00  1.800137e-37   dev from mean  +0.434%
  replica_01  1.816595e-37   dev from mean  +1.352%
  replica_02  1.775403e-37   dev from mean  -0.946%
  replica_03  1.899823e-37   dev from mean  +5.996%
  replica_04  1.770781e-37   dev from mean  -1.204%
  replica_05  1.794763e-37   dev from mean  +0.134%
  replica_06  1.786403e-37   dev from mean  -0.332%
  replica_07  1.686562e-37   dev from mean  -5.902%
  replica_08  1.970902e-37   dev from mean  +9.962%
  replica_09  1.644919e-37   dev from mean  -8.226%
  replica_10  1.821261e-37   dev from mean  +1.613%
  replica_11  1.826521e-37   dev from mean  +1.906%
  replica_12  1.761177e-37   dev from mean  -1.739%
  replica_13  1.737723e-37   dev from mean  -3.048%

  mean 1.792355e-37  sd(ddof=1) 8.026862e-39
  relative sd            = 4.478%
  (max-min)/mean         = 18.187%
  median abs dev / mean  = 1.676%

  scale references:
    Poisson on n_data=4116128 -> 0.0493%
    Poisson on n_sig =49152885 -> 0.0143%
  => a counting-only spread would be ~0.05%; anything ~10% is NOT counting statistics.

=== (2) hunt for a nominal (non-replica) extraction to centre on ===
  candidates outside the replica family: 18
    /pscratch/sd/j/josephrb/MINERvA-OmniFold/nd-unfolding/pet/fullevent_diagnostic_nonquotable/NONQUOTABLE-DIAGNOSTIC.xsec.slurm-56527676.npz
      shape=(15, 19) total=1.656869e-37 schema=pet-fullevent-fps-xsec-v1
    /pscratch/sd/j/josephrb/MINERvA-OmniFold/nd-unfolding/products/pet/bkgsub/cml/pet_s0_e42_bkgsub_5d_xsec.npz
      shape=None total=None schema=-
    /pscratch/sd/j/josephrb/MINERvA-OmniFold/nd-unfolding/products/pet/bkgsub/cml/pet_s0_e43_bkgsub_5d_xsec.npz
      shape=None total=None schema=-
    /pscratch/sd/j/josephrb/MINERvA-OmniFold/nd-unfolding/products/pet/bkgsub/cml/pet_s0_e44_bkgsub_5d_xsec.npz
      shape=None total=None schema=-
    /pscratch/sd/j/josephrb/MINERvA-OmniFold/nd-unfolding/products/pet/bkgsub/cml/pet_s1_e42_bkgsub_5d_xsec.npz
      shape=None total=None schema=-
    /pscratch/sd/j/josephrb/MINERvA-OmniFold/nd-unfolding/products/pet/bkgsub/cml/pet_s1_e43_bkgsub_5d_xsec.npz
      shape=None total=None schema=-
    /pscratch/sd/j/josephrb/MINERvA-OmniFold/nd-unfolding/products/pet/bkgsub/cml/pet_s1_e44_bkgsub_5d_xsec.npz
      shape=None total=None schema=-
    /pscratch/sd/j/josephrb/MINERvA-OmniFold/nd-unfolding/products/pet/bkgsub/cml/pet_s2_e42_bkgsub_5d_xsec.npz
      shape=None total=None schema=-
    /pscratch/sd/j/josephrb/MINERvA-OmniFold/nd-unfolding/products/pet/bkgsub/cml/pet_s2_e43_bkgsub_5d_xsec.npz
      shape=None total=None schema=-
    /pscratch/sd/j/josephrb/MINERvA-OmniFold/nd-unfolding/products/pet/bkgsub/cml/pet_s2_e44_bkgsub_5d_xsec.npz
      shape=None total=None schema=-
    /pscratch/sd/j/josephrb/MINERvA-OmniFold/nd-unfolding/products/pet/bkgsub/cml/pet_s3_e42_bkgsub_5d_xsec.npz
      shape=None total=None schema=-
    /pscratch/sd/j/josephrb/MINERvA-OmniFold/nd-unfolding/products/pet/bkgsub/cml/pet_s3_e43_bkgsub_5d_xsec.npz
      shape=None total=None schema=-
    /pscratch/sd/j/josephrb/MINERvA-OmniFold/nd-unfolding/products/pet/bkgsub/cml/pet_s3_e44_bkgsub_5d_xsec.npz
      shape=None total=None schema=-
    /pscratch/sd/j/josephrb/MINERvA-OmniFold/nd-unfolding/products/pet/bkgsub/pet_floor_bkgsub_5d_xsec.npz
      shape=None total=None schema=-
    /pscratch/sd/j/josephrb/MINERvA-OmniFold/nd-unfolding/products/pet/bkgsub/pet_nominal_bkgsub_5d_xsec.npz
      shape=None total=None schema=-
    /pscratch/sd/j/josephrb/MINERvA-OmniFold/nd-unfolding/products/pet/fps_envelope_5d/fps_gbdt_prior_xsec_5d.npz
      shape=None total=None schema=-
    /pscratch/sd/j/josephrb/MINERvA-OmniFold/nd-unfolding/products/pet/fps_envelope_5d_xps/fps_gbdt_prior_xsec_5d.npz
      shape=None total=None schema=-
    /pscratch/sd/j/josephrb/MINERvA-OmniFold/nd-unfolding/products/pet/fps_envelope_5d_xps2/fps_gbdt_prior_xsec_5d.npz
      shape=None total=None schema=-
