Collecting tensorflow-cpu==2.16.2
  Downloading tensorflow_cpu-2.16.2-cp311-cp311-manylinux_2_17_x86_64.manylinux2014_x86_64.whl.metadata (4.2 kB)
Collecting keras==3.15.1
  Downloading keras-3.15.1-py3-none-any.whl.metadata (6.4 kB)
Collecting absl-py>=1.0.0 (from tensorflow-cpu==2.16.2)
  Downloading absl_py-2.5.0-py3-none-any.whl.metadata (3.3 kB)
Collecting astunparse>=1.6.0 (from tensorflow-cpu==2.16.2)
  Downloading astunparse-1.6.3-py2.py3-none-any.whl.metadata (4.4 kB)
Collecting flatbuffers>=23.5.26 (from tensorflow-cpu==2.16.2)
  Downloading flatbuffers-25.12.19-py2.py3-none-any.whl.metadata (1.0 kB)
Collecting gast!=0.5.0,!=0.5.1,!=0.5.2,>=0.2.1 (from tensorflow-cpu==2.16.2)
  Downloading gast-0.7.0-py3-none-any.whl.metadata (1.5 kB)
Collecting google-pasta>=0.1.1 (from tensorflow-cpu==2.16.2)
  Downloading google_pasta-0.2.0-py3-none-any.whl.metadata (814 bytes)
Collecting h5py>=3.10.0 (from tensorflow-cpu==2.16.2)
  Downloading h5py-3.16.0-cp311-cp311-manylinux_2_28_x86_64.whl.metadata (3.0 kB)
Collecting libclang>=13.0.0 (from tensorflow-cpu==2.16.2)
  Downloading libclang-18.1.1-py2.py3-none-manylinux2010_x86_64.whl.metadata (5.2 kB)
Collecting ml-dtypes~=0.3.1 (from tensorflow-cpu==2.16.2)
  Downloading ml_dtypes-0.3.2-cp311-cp311-manylinux_2_17_x86_64.manylinux2014_x86_64.whl.metadata (20 kB)
Collecting opt-einsum>=2.3.2 (from tensorflow-cpu==2.16.2)
  Downloading opt_einsum-3.4.0-py3-none-any.whl.metadata (6.3 kB)
Requirement already satisfied: packaging in /global/homes/j/josephrb/.conda/envs/root_6_28/lib/python3.11/site-packages (from tensorflow-cpu==2.16.2) (25.0)
Collecting protobuf!=4.21.0,!=4.21.1,!=4.21.2,!=4.21.3,!=4.21.4,!=4.21.5,<5.0.0dev,>=3.20.3 (from tensorflow-cpu==2.16.2)
  Downloading protobuf-4.25.9-cp37-abi3-manylinux2014_x86_64.whl.metadata (541 bytes)
Requirement already satisfied: requests<3,>=2.21.0 in /global/homes/j/josephrb/.conda/envs/root_6_28/lib/python3.11/site-packages (from tensorflow-cpu==2.16.2) (2.32.5)
Requirement already satisfied: setuptools in /pscratch/sd/j/josephrb/pet-v2-source-audit-runtime/lib/python3.11/site-packages (from tensorflow-cpu==2.16.2) (79.0.1)
Requirement already satisfied: six>=1.12.0 in /global/homes/j/josephrb/.conda/envs/root_6_28/lib/python3.11/site-packages (from tensorflow-cpu==2.16.2) (1.17.0)
Collecting termcolor>=1.1.0 (from tensorflow-cpu==2.16.2)
  Downloading termcolor-3.3.0-py3-none-any.whl.metadata (6.5 kB)
Requirement already satisfied: typing-extensions>=3.6.6 in /global/homes/j/josephrb/.conda/envs/root_6_28/lib/python3.11/site-packages (from tensorflow-cpu==2.16.2) (4.15.0)
Collecting wrapt>=1.11.0 (from tensorflow-cpu==2.16.2)
  Downloading wrapt-2.4.0-cp311-cp311-manylinux1_x86_64.manylinux_2_28_x86_64.manylinux_2_5_x86_64.whl.metadata (7.4 kB)
Collecting grpcio<2.0,>=1.24.3 (from tensorflow-cpu==2.16.2)
  Downloading grpcio-1.83.1-cp311-cp311-manylinux2014_x86_64.manylinux_2_17_x86_64.whl.metadata (3.7 kB)
Collecting tensorboard<2.17,>=2.16 (from tensorflow-cpu==2.16.2)
  Downloading tensorboard-2.16.2-py3-none-any.whl.metadata (1.6 kB)
Collecting tensorflow-io-gcs-filesystem>=0.23.1 (from tensorflow-cpu==2.16.2)
  Downloading tensorflow_io_gcs_filesystem-0.37.1-cp311-cp311-manylinux_2_17_x86_64.manylinux2014_x86_64.whl.metadata (14 kB)
Requirement already satisfied: numpy<2.0.0,>=1.23.5 in /global/homes/j/josephrb/.conda/envs/root_6_28/lib/python3.11/site-packages (from tensorflow-cpu==2.16.2) (1.26.4)
Collecting rich (from keras==3.15.1)
  Downloading rich-15.0.0-py3-none-any.whl.metadata (18 kB)
Collecting namex (from keras==3.15.1)
  Downloading namex-0.1.0-py3-none-any.whl.metadata (322 bytes)
Collecting optree (from keras==3.15.1)
  Downloading optree-0.20.0-cp311-cp311-manylinux_2_27_x86_64.manylinux_2_28_x86_64.whl.metadata (32 kB)
Requirement already satisfied: wheel<1.0,>=0.23.0 in /global/homes/j/josephrb/.conda/envs/root_6_28/lib/python3.11/site-packages (from astunparse>=1.6.0->tensorflow-cpu==2.16.2) (0.45.1)
Requirement already satisfied: charset_normalizer<4,>=2 in /global/homes/j/josephrb/.conda/envs/root_6_28/lib/python3.11/site-packages (from requests<3,>=2.21.0->tensorflow-cpu==2.16.2) (3.4.4)
Requirement already satisfied: idna<4,>=2.5 in /global/homes/j/josephrb/.conda/envs/root_6_28/lib/python3.11/site-packages (from requests<3,>=2.21.0->tensorflow-cpu==2.16.2) (3.11)
Requirement already satisfied: urllib3<3,>=1.21.1 in /global/homes/j/josephrb/.conda/envs/root_6_28/lib/python3.11/site-packages (from requests<3,>=2.21.0->tensorflow-cpu==2.16.2) (2.6.2)
Requirement already satisfied: certifi>=2017.4.17 in /global/homes/j/josephrb/.conda/envs/root_6_28/lib/python3.11/site-packages (from requests<3,>=2.21.0->tensorflow-cpu==2.16.2) (2026.2.25)
Collecting markdown>=2.6.8 (from tensorboard<2.17,>=2.16->tensorflow-cpu==2.16.2)
  Downloading markdown-3.10.3-py3-none-any.whl.metadata (5.1 kB)
Collecting tensorboard-data-server<0.8.0,>=0.7.0 (from tensorboard<2.17,>=2.16->tensorflow-cpu==2.16.2)
  Downloading tensorboard_data_server-0.7.2-py3-none-manylinux_2_31_x86_64.whl.metadata (1.1 kB)
Collecting werkzeug>=1.0.1 (from tensorboard<2.17,>=2.16->tensorflow-cpu==2.16.2)
  Downloading werkzeug-3.1.8-py3-none-any.whl.metadata (4.0 kB)
Collecting markdown-it-py>=2.2.0 (from rich->keras==3.15.1)
  Downloading markdown_it_py-4.2.0-py3-none-any.whl.metadata (7.4 kB)
Requirement already satisfied: pygments<3.0.0,>=2.13.0 in /global/homes/j/josephrb/.conda/envs/root_6_28/lib/python3.11/site-packages (from rich->keras==3.15.1) (2.19.2)
Collecting mdurl~=0.1 (from markdown-it-py>=2.2.0->rich->keras==3.15.1)
  Downloading mdurl-0.1.2-py3-none-any.whl.metadata (1.6 kB)
Requirement already satisfied: markupsafe>=2.1.1 in /global/homes/j/josephrb/.conda/envs/root_6_28/lib/python3.11/site-packages (from werkzeug>=1.0.1->tensorboard<2.17,>=2.16->tensorflow-cpu==2.16.2) (3.0.3)
Downloading tensorflow_cpu-2.16.2-cp311-cp311-manylinux_2_17_x86_64.manylinux2014_x86_64.whl (214.1 MB)
   ━━━━━━━━━━━━━━━━━━━━━━━━━━━━━━━━━━━━━━━ 214.1/214.1 MB 152.8 MB/s eta 0:00:00
Downloading keras-3.15.1-py3-none-any.whl (2.4 MB)
   ━━━━━━━━━━━━━━━━━━━━━━━━━━━━━━━━━━━━━━━━ 2.4/2.4 MB 276.1 MB/s eta 0:00:00
Downloading absl_py-2.5.0-py3-none-any.whl (137 kB)
   ━━━━━━━━━━━━━━━━━━━━━━━━━━━━━━━━━━━━━━━ 137.4/137.4 kB 282.7 MB/s eta 0:00:00
Downloading astunparse-1.6.3-py2.py3-none-any.whl (12 kB)
Downloading flatbuffers-25.12.19-py2.py3-none-any.whl (26 kB)
Downloading gast-0.7.0-py3-none-any.whl (22 kB)
Downloading google_pasta-0.2.0-py3-none-any.whl (57 kB)
   ━━━━━━━━━━━━━━━━━━━━━━━━━━━━━━━━━━━━━━━━ 57.5/57.5 kB 233.8 MB/s eta 0:00:00
Downloading grpcio-1.83.1-cp311-cp311-manylinux2014_x86_64.manylinux_2_17_x86_64.whl (7.1 MB)
   ━━━━━━━━━━━━━━━━━━━━━━━━━━━━━━━━━━━━━━━━ 7.1/7.1 MB 296.1 MB/s eta 0:00:00
Downloading h5py-3.16.0-cp311-cp311-manylinux_2_28_x86_64.whl (5.0 MB)
   ━━━━━━━━━━━━━━━━━━━━━━━━━━━━━━━━━━━━━━━━ 5.0/5.0 MB 304.5 MB/s eta 0:00:00
Downloading libclang-18.1.1-py2.py3-none-manylinux2010_x86_64.whl (24.5 MB)
   ━━━━━━━━━━━━━━━━━━━━━━━━━━━━━━━━━━━━━━━━ 24.5/24.5 MB 346.6 MB/s eta 0:00:00
Downloading ml_dtypes-0.3.2-cp311-cp311-manylinux_2_17_x86_64.manylinux2014_x86_64.whl (2.2 MB)
   ━━━━━━━━━━━━━━━━━━━━━━━━━━━━━━━━━━━━━━━━ 2.2/2.2 MB 295.2 MB/s eta 0:00:00
Downloading opt_einsum-3.4.0-py3-none-any.whl (71 kB)
   ━━━━━━━━━━━━━━━━━━━━━━━━━━━━━━━━━━━━━━━━ 71.9/71.9 kB 266.1 MB/s eta 0:00:00
Downloading protobuf-4.25.9-cp37-abi3-manylinux2014_x86_64.whl (295 kB)
   ━━━━━━━━━━━━━━━━━━━━━━━━━━━━━━━━━━━━━━━ 295.2/295.2 kB 316.3 MB/s eta 0:00:00
Downloading tensorboard-2.16.2-py3-none-any.whl (5.5 MB)
   ━━━━━━━━━━━━━━━━━━━━━━━━━━━━━━━━━━━━━━━━ 5.5/5.5 MB 284.3 MB/s eta 0:00:00
Downloading tensorflow_io_gcs_filesystem-0.37.1-cp311-cp311-manylinux_2_17_x86_64.manylinux2014_x86_64.whl (5.1 MB)
   ━━━━━━━━━━━━━━━━━━━━━━━━━━━━━━━━━━━━━━━━ 5.1/5.1 MB 250.5 MB/s eta 0:00:00
Downloading termcolor-3.3.0-py3-none-any.whl (7.7 kB)
Downloading wrapt-2.4.0-cp311-cp311-manylinux1_x86_64.manylinux_2_28_x86_64.manylinux_2_5_x86_64.whl (217 kB)
   ━━━━━━━━━━━━━━━━━━━━━━━━━━━━━━━━━━━━━━━ 217.8/217.8 kB 302.3 MB/s eta 0:00:00
Downloading namex-0.1.0-py3-none-any.whl (5.9 kB)
Downloading optree-0.20.0-cp311-cp311-manylinux_2_27_x86_64.manylinux_2_28_x86_64.whl (477 kB)
   ━━━━━━━━━━━━━━━━━━━━━━━━━━━━━━━━━━━━━━━ 477.9/477.9 kB 314.2 MB/s eta 0:00:00
Downloading rich-15.0.0-py3-none-any.whl (310 kB)
   ━━━━━━━━━━━━━━━━━━━━━━━━━━━━━━━━━━━━━━━ 310.7/310.7 kB 307.3 MB/s eta 0:00:00
Downloading markdown-3.10.3-py3-none-any.whl (110 kB)
   ━━━━━━━━━━━━━━━━━━━━━━━━━━━━━━━━━━━━━━━ 110.8/110.8 kB 295.9 MB/s eta 0:00:00
Downloading markdown_it_py-4.2.0-py3-none-any.whl (91 kB)
   ━━━━━━━━━━━━━━━━━━━━━━━━━━━━━━━━━━━━━━━━ 91.7/91.7 kB 267.0 MB/s eta 0:00:00
Downloading tensorboard_data_server-0.7.2-py3-none-manylinux_2_31_x86_64.whl (6.6 MB)
   ━━━━━━━━━━━━━━━━━━━━━━━━━━━━━━━━━━━━━━━━ 6.6/6.6 MB 268.9 MB/s eta 0:00:00
Downloading werkzeug-3.1.8-py3-none-any.whl (226 kB)
   ━━━━━━━━━━━━━━━━━━━━━━━━━━━━━━━━━━━━━━━ 226.5/226.5 kB 301.7 MB/s eta 0:00:00
Downloading mdurl-0.1.2-py3-none-any.whl (10.0 kB)
Installing collected packages: namex, libclang, flatbuffers, wrapt, werkzeug, termcolor, tensorflow-io-gcs-filesystem, tensorboard-data-server, protobuf, optree, opt-einsum, ml-dtypes, mdurl, markdown, h5py, grpcio, google-pasta, gast, astunparse, absl-py, tensorboard, markdown-it-py, rich, keras, tensorflow-cpu
Successfully installed absl-py-2.5.0 astunparse-1.6.3 flatbuffers-25.12.19 gast-0.7.0 google-pasta-0.2.0 grpcio-1.83.1 h5py-3.16.0 keras-3.15.1 libclang-18.1.1 markdown-3.10.3 markdown-it-py-4.2.0 mdurl-0.1.2 ml-dtypes-0.3.2 namex-0.1.0 opt-einsum-3.4.0 optree-0.20.0 protobuf-4.25.9 rich-15.0.0 tensorboard-2.16.2 tensorboard-data-server-0.7.2 tensorflow-cpu-2.16.2 tensorflow-io-gcs-filesystem-0.37.1 termcolor-3.3.0 werkzeug-3.1.8 wrapt-2.4.0
